[1;4mTurn 1[0m
Rain continues to fall.

[4mIt's Jean's turn![0m

"Pikachu"[2m - Raichu[0m
Lvl : 100      Electric
HP  : [38;2;144;238;144m[0m 261/261
Atk : [38;2;0;128;0m216[0m      Def : [38;2;0;128;0m160[0m+
SAtk: [38;2;0;128;0m216[0m      SDef: [38;2;0;128;0m196[0m 
Spd : [38;2;0;128;0m230[0m-


[4mIt's Charles's turn![0m

"Squid Game"[2m - Blastoise[0m
Lvl : 100      Water
HP  : [38;2;144;238;144m[0m 299/299
Atk : [38;2;0;128;0m202[0m      Def : [38;2;0;128;0m259[0m+
SAtk: [38;2;0;128;0m185[0m-     SDef: [38;2;0;128;0m246[0m 
Spd : [38;2;0;128;0m192[0m 

[38;2;255;127;0;1m2[0m: "Overhyped"[2m - Charizard[0m
Lvl : 100      Fire-Flying
HP  : [38;2;144;238;144m[0m 297/297
Atk : [38;2;0;128;0m204[0m      Def : [38;2;0;128;0m192[0m 
SAtk: [38;2;0;128;0m254[0m      SDef: [38;2;0;128;0m185[0m-
Spd : [38;2;0;128;0m259[0m+
[38;2;255;127;0;1m3[0m: "Mother Fucking God"[2m - Arceus[0m
Lvl : 100      Normal
HP  : [38;2;144;238;144m[0m 381/381
Atk : [38;2;0;128;0m276[0m      Def : [38;2;0;128;0m303[0m+
SAtk: [38;2;0;128;0m276[0m      SDef: [38;2;0;128;0m248[0m-
Spd : [38;2;0;128;0m276[0m 


[4mPikachu uses Thunder[0m
Squid Game lost 83% HP

[4mSquid Game uses U-Turn[0m
Pikachu lost 29% HP

[4mChoose a pokemon to send[0m

[38;2;255;127;0;1m2[0m: "Overhyped"[2m - Charizard[0m
Lvl : 100      Fire-Flying
HP  : [38;2;144;238;144m[0m
[38;2;255;127;0;1m3[0m: "Mother Fucking God"[2m - Arceus[0m
Lvl : 100      Normal
HP  : [38;2;144;238;144m[0m

[4mCharles takes out Squid Game[0m

[4mCharles sends out Overhyped
[0m
[1;4mTurn 2[0m
Rain continues to fall.

[4mIt's Jean's turn![0m

"Pikachu"[2m - Raichu[0m
Lvl : 100      Electric
HP  : [38;2;144;238;144m[0m


[4mIt's Charles's turn![0m

"Overhyped"[2m - Charizard[0m
Lvl : 100      Fire-Flying
HP  : [38;2;144;238;144m[0m


[4mOverhyped uses Extreme Speed[0m
Pikachu lost 33% HP

[4mPikachu uses Thunder[0m
Overhyped lost 100% HP
Overhyped fainted

[4mChoose a pokemon to send[0m

[38;2;255;127;0;1m1[0m: "Squid Game"[2m - Blastoise[0m
Lvl : 100      Water
HP  : [38;2;255;165;0m[0m
[38;2;255;127;0;1m3[0m: "Mother Fucking God"[2m - Arceus[0m
Lvl : 100      Normal
HP  : [38;2;144;238;144m[0m

[4mCharles takes out Overhyped[0m

[4mCharles sends out Mother Fucking God
[0m
[1;4mTurn 3[0m
Rain continues to fall.

[4mIt's Jean's turn![0m

"Pikachu"[2m - Raichu[0m
Lvl : 100      Electric
HP  : [38;2;255;165;0m[0m


[4mIt's Charles's turn![0m

"Mother Fucking God"[2m - Arceus[0m
Lvl : 100      Normal
HP  : [38;2;144;238;144m[0m


[4mMother Fucking God uses Guillotine[0m
Pikachu fainted

[1;4mTurn 4[0m
Rain continues to fall.

[4mIt's Jean's turn![0m


[4mIt's Charles's turn![0m

"Pikachu"[2m - Raichu[0m
Lvl : 100      Electric
HP  : [38;2;255;69;0m[0m

"Mother Fucking God"[2m - Arceus[0m
Lvl : 100      Normal
HP  : [38;2;144;238;144m[0m

[38;2;255;127;0;1m1[0m: "Squid Game"[2m - Blastoise[0m
Lvl : 100      Water
HP  : [38;2;255;165;0m[0m
[38;2;255;127;0;1m2[0m: "Overhyped"[2m - Charizard[0m
Lvl : 100      Fire-Flying
HP  : [38;2;255;69;0m[0m

