[1;4mTurn 1[0m
Rain continues to fall.

[4mIt's Jean's turn![0m

[4mPikachu[0m[2m - Raichu[0m
Lvl : 100      [38;2;245;204;52mElectric[0m
[1mHP[0m  : [38;2;144;238;144m[0m 261/261
[1mAtk[0m : 216[0m      [1mDef[0m : 160[0m+
[1mSAtk[0m: 216[0m      [1mSDef[0m: 196[0m 
[1mSpd[0m : 230[0m-

[38;2;255;127;0;1m1[0m [1mThunder     [0m   [38;2;38;117;244mSpecial[0m-[38;2;245;204;52mElectric[0m
[38;2;219;112;147mPower[0m:  110      [38;2;173;216;230mAccuracy[0m:  70%
[38;2;144;238;144mPP[0m:   10/10      [38;2;255;165;0mPriority[0m:    0

[38;2;255;127;0;1m2[0m [1mSwords Dance[0m   [38;2;90;99;123mStatus[0m-[38;2;170;170;153mNormal[0m
[38;2;219;112;147mPower[0m:  ---      [38;2;173;216;230mAccuracy[0m:  ---
[38;2;144;238;144mPP[0m:   20/20      [38;2;255;165;0mPriority[0m:    0

[38;2;255;127;0;1m3[0m ---
[38;2;255;127;0;1m4[0m ---


[4mIt's Charles's turn![0m

[4mSquid Game[0m[2m - Blastoise[0m
Lvl : 100      [38;2;78;154;255mWater[0m
[1mHP[0m  : [38;2;144;238;144m[0m 299/299
[1mAtk[0m : 202[0m      [1mDef[0m : 259[0m+
[1mSAtk[0m: 185[0m-     [1mSDef[0m: 246[0m 
[1mSpd[0m : 192[0m 

[38;2;255;127;0;1m2[0m [4mOverhyped[0m[2m - Charizard[0m
Lvl : 100      [38;2;236;66;37mFire[0m-[38;2;136;153;255mFlying[0m
[1mHP[0m  : [38;2;144;238;144m[0m 297/297
[1mAtk[0m : 204[0m      [1mDef[0m : 192[0m 
[1mSAtk[0m: 254[0m      [1mSDef[0m: 185[0m-
[1mSpd[0m : 259[0m+
[38;2;255;127;0;1m3[0m [4mMother Fucking God[0m[2m - Arceus[0m
Lvl : 100      [38;2;170;170;153mNormal[0m
[1mHP[0m  : [38;2;144;238;144m[0m 381/381
[1mAtk[0m : 276[0m      [1mDef[0m : 303[0m+
[1mSAtk[0m: 276[0m      [1mSDef[0m: 248[0m-
[1mSpd[0m : 276[0m 


[4mPikachu uses Thunder[0m
Squid Game lost 83% HP

[4mSquid Game uses U-Turn[0m
Pikachu lost 29% HP

[4mChoose a pokemon to send[0m

[38;2;255;127;0;1m2[0m: [4mOverhyped[0m[2m - Charizard[0m
Lvl : 100      [38;2;236;66;37mFire[0m-[38;2;136;153;255mFlying[0m
HP  : [38;2;144;238;144m[0m

[38;2;255;127;0;1m3[0m: [4mMother Fucking God[0m[2m - Arceus[0m
Lvl : 100      [38;2;170;170;153mNormal[0m
HP  : [38;2;144;238;144m[0m


[4mCharles takes out Squid Game[0m

[4mCharles sends out Overhyped
[0m
[1;4mTurn 2[0m
Rain continues to fall.

[4mIt's Jean's turn![0m

[4mPikachu[0m[2m - Raichu[0m
Lvl : 100      [38;2;245;204;52mElectric[0m
HP  : [38;2;144;238;144m[0m



[4mIt's Charles's turn![0m

[4mOverhyped[0m[2m - Charizard[0m
Lvl : 100      [38;2;236;66;37mFire[0m-[38;2;136;153;255mFlying[0m
HP  : [38;2;144;238;144m[0m



[4mOverhyped uses Extreme Speed[0m
Pikachu lost 33% HP

[4mPikachu uses Thunder[0m
Overhyped lost 100% HP
Overhyped fainted

[4mChoose a pokemon to send[0m

[38;2;255;127;0;1m1[0m: [4mSquid Game[0m[2m - Blastoise[0m
Lvl : 100      [38;2;78;154;255mWater[0m
HP  : [38;2;255;165;0m[0m

[38;2;255;127;0;1m3[0m: [4mMother Fucking God[0m[2m - Arceus[0m
Lvl : 100      [38;2;170;170;153mNormal[0m
HP  : [38;2;144;238;144m[0m


[4mCharles takes out Overhyped[0m

[4mCharles sends out Mother Fucking God
[0m
[1;4mTurn 3[0m
Rain continues to fall.

[4mIt's Jean's turn![0m

[4mPikachu[0m[2m - Raichu[0m
Lvl : 100      [38;2;245;204;52mElectric[0m
HP  : [38;2;255;165;0m[0m



[4mIt's Charles's turn![0m

[4mMother Fucking God[0m[2m - Arceus[0m
Lvl : 100      [38;2;170;170;153mNormal[0m
HP  : [38;2;144;238;144m[0m



[4mMother Fucking God uses Guillotine[0m
Pikachu fainted

[1;4mTurn 4[0m
Rain continues to fall.

[4mIt's Jean's turn![0m


[4mIt's Charles's turn![0m

[4mPikachu[0m[2m - Raichu[0m
Lvl : 100      [38;2;245;204;52mElectric[0m
HP  : [38;2;255;69;0m[0m


[4mMother Fucking God[0m[2m - Arceus[0m
Lvl : 100      [38;2;170;170;153mNormal[0m
HP  : [38;2;144;238;144m[0m


[38;2;255;127;0;1m1[0m [4mSquid Game[0m[2m - Blastoise[0m
Lvl : 100      [38;2;78;154;255mWater[0m
HP  : [38;2;255;165;0m[0m

[38;2;255;127;0;1m2[0m [4mOverhyped[0m[2m - Charizard[0m
Lvl : 100      [38;2;236;66;37mFire[0m-[38;2;136;153;255mFlying[0m
HP  : [38;2;255;69;0m[0m


